PUBLIC_FREEZE_RECORD:
public_source_path: /Users/velocityworks/IdeaProjects/prime-gap-structure/docs/gap-structure-factor-brief-evidence/multiplicative-web/literal-web-rewind/research-meetings/candidate-list-search-space-reduction-runner/thread_triangulation_ratio_probe.py
public_source_sha256: 8dc166e92045bf0871c5d1069380dd933833c82241185473f0a79960a6e8a594
public_source_private_token_scan: pass
  p =: False
  q =: False
  CASE: False
  known_factor: False
  factor_distance: False
  exact_factor_rank: False
  target_distance: False
  private_distance: False
  gcd: False
  factorint: False
  isprime: False
  nextprime: False
  sqrt: False
  random: False
public_command: python3 thread_triangulation_ratio_probe.py --n 25807 --out-dir /Users/velocityworks/IdeaProjects/prime-gap-structure/docs/gap-structure-factor-brief-evidence/multiplicative-web/literal-web-rewind/research-meetings/candidate-list-search-space-reduction-runner/output/ratio_iterations/iteration_05_thread_5_8_depth_4_12_retention_128/toy_25807/public --thread-count-num 5 --thread-count-den 8 --depth-num 4 --depth-den 12 --retention-divisor 128
public_output_path: /Users/velocityworks/IdeaProjects/prime-gap-structure/docs/gap-structure-factor-brief-evidence/multiplicative-web/literal-web-rewind/research-meetings/candidate-list-search-space-reduction-runner/output/ratio_iterations/iteration_05_thread_5_8_depth_4_12_retention_128/toy_25807/public/public_output.jsonl
public_output_sha256: af6a1ece6665080e1a701c2e8b52d3c8e5ea0e5dd60b689ebfd7ba360724192a
public_manifest_path: /Users/velocityworks/IdeaProjects/prime-gap-structure/docs/gap-structure-factor-brief-evidence/multiplicative-web/literal-web-rewind/research-meetings/candidate-list-search-space-reduction-runner/output/ratio_iterations/iteration_05_thread_5_8_depth_4_12_retention_128/toy_25807/public/public_manifest.json
public_manifest_sha256: 5c9c29fb4019b41726ef75de37b041d6aea3514cf78b8da9c58fd73b276a79cb
public_record_count: 1
original_space_size: 128
candidate_reduction_ratio: 128/1
candidate_reduction_bits: 7.0
active_thread_count: 6
min_depth: 2
max_candidates: 1
pre_cap_qualified_count: 45
cap_active: True
PRIVATE_AUDIT_UNLOCKED: true
