PUBLIC_FREEZE_RECORD:
public_source_path: /Users/velocityworks/IdeaProjects/prime-gap-structure/docs/gap-structure-factor-brief-evidence/multiplicative-web/literal-web-rewind/research-meetings/candidate-list-search-space-reduction-runner/thread_triangulation_ratio_probe.py
public_source_sha256: 8dc166e92045bf0871c5d1069380dd933833c82241185473f0a79960a6e8a594
public_source_private_token_scan: pass
  p =: False
  q =: False
  CASE: False
  known_factor: False
  factor_distance: False
  exact_factor_rank: False
  target_distance: False
  private_distance: False
  gcd: False
  factorint: False
  isprime: False
  nextprime: False
  sqrt: False
  random: False
public_command: python3 thread_triangulation_ratio_probe.py --n 18902665303 --out-dir /Users/velocityworks/IdeaProjects/prime-gap-structure/docs/gap-structure-factor-brief-evidence/multiplicative-web/literal-web-rewind/research-meetings/candidate-list-search-space-reduction-runner/output/ratio_iterations/iteration_04_thread_5_8_depth_4_12_retention_512/toy_18902665303/public --thread-count-num 5 --thread-count-den 8 --depth-num 4 --depth-den 12 --retention-divisor 512
public_output_path: /Users/velocityworks/IdeaProjects/prime-gap-structure/docs/gap-structure-factor-brief-evidence/multiplicative-web/literal-web-rewind/research-meetings/candidate-list-search-space-reduction-runner/output/ratio_iterations/iteration_04_thread_5_8_depth_4_12_retention_512/toy_18902665303/public/public_output.jsonl
public_output_sha256: a9c2508107010b53dc1e336ca5d5e17c6f0cf1250a2444a9ce3aeb82244dfe02
public_manifest_path: /Users/velocityworks/IdeaProjects/prime-gap-structure/docs/gap-structure-factor-brief-evidence/multiplicative-web/literal-web-rewind/research-meetings/candidate-list-search-space-reduction-runner/output/ratio_iterations/iteration_04_thread_5_8_depth_4_12_retention_512/toy_18902665303/public/public_manifest.json
public_manifest_sha256: ca5775ed1e7c7cfd52d3169985d4be067df551beb2c44875a17de26eaa006777
public_record_count: 256
original_space_size: 131072
candidate_reduction_ratio: 131072/256
candidate_reduction_bits: 9.0
active_thread_count: 12
min_depth: 4
max_candidates: 256
pre_cap_qualified_count: 4730
cap_active: True
PRIVATE_AUDIT_UNLOCKED: true
