PUBLIC_FREEZE_RECORD:
public_source_path: /Users/velocityworks/IdeaProjects/prime-gap-structure/docs/gap-structure-factor-brief-evidence/multiplicative-web/literal-web-rewind/research-meetings/candidate-list-search-space-reduction-runner/thread_triangulation_ratio_probe.py
public_source_sha256: 8dc166e92045bf0871c5d1069380dd933833c82241185473f0a79960a6e8a594
public_source_private_token_scan: pass
  p =: False
  q =: False
  CASE: False
  known_factor: False
  factor_distance: False
  exact_factor_rank: False
  target_distance: False
  private_distance: False
  gcd: False
  factorint: False
  isprime: False
  nextprime: False
  sqrt: False
  random: False
public_command: python3 thread_triangulation_ratio_probe.py --n 1209476905903 --out-dir /Users/velocityworks/IdeaProjects/prime-gap-structure/docs/gap-structure-factor-brief-evidence/multiplicative-web/literal-web-rewind/research-meetings/candidate-list-search-space-reduction-runner/output/ratio_iterations/iteration_01_thread_1_2_depth_5_12_retention_1024/toy_1209476905903/public --thread-count-num 1 --thread-count-den 2 --depth-num 5 --depth-den 12 --retention-divisor 1024
public_output_path: /Users/velocityworks/IdeaProjects/prime-gap-structure/docs/gap-structure-factor-brief-evidence/multiplicative-web/literal-web-rewind/research-meetings/candidate-list-search-space-reduction-runner/output/ratio_iterations/iteration_01_thread_1_2_depth_5_12_retention_1024/toy_1209476905903/public/public_output.jsonl
public_output_sha256: f1b793b888ac50ccd969abc5c779f187ffad123e1e6ae05fc95be3244f88787d
public_manifest_path: /Users/velocityworks/IdeaProjects/prime-gap-structure/docs/gap-structure-factor-brief-evidence/multiplicative-web/literal-web-rewind/research-meetings/candidate-list-search-space-reduction-runner/output/ratio_iterations/iteration_01_thread_1_2_depth_5_12_retention_1024/toy_1209476905903/public/public_manifest.json
public_manifest_sha256: 0b5ff1ecbd05278cb2ccd9a94022469ecbbdd337d50def42db64fb6e524449ce
public_record_count: 1024
original_space_size: 1048576
candidate_reduction_ratio: 1048576/1024
candidate_reduction_bits: 10.0
active_thread_count: 11
min_depth: 5
max_candidates: 1024
pre_cap_qualified_count: 6696
cap_active: True
PRIVATE_AUDIT_UNLOCKED: true
