PUBLIC_FREEZE_RECORD:
public_source_path: /Users/velocityworks/IdeaProjects/prime-gap-structure/docs/gap-structure-factor-brief-evidence/multiplicative-web/literal-web-rewind/research-meetings/candidate-list-search-space-reduction-runner/thread_triangulation_v01_1_runner.py
public_source_sha256: e2617cc725de2a9aa0e5dc3859baad9339c042cebd2b6f3a7e47fb83a898a0fa
public_source_private_token_scan: pass
  p =: False
  q =: False
  CASE: False
  known_factor: False
  factor_distance: False
  exact_factor_rank: False
  target_distance: False
  private_distance: False
  gcd: False
  factorint: False
  isprime: False
  nextprime: False
  sqrt: False
  random: False
public_command: python3 thread_triangulation_v01_1_runner.py --n 4951764003343009 --out-dir output/toy_v01_amended/toy_4951764003343009/public
public_output_path: /Users/velocityworks/IdeaProjects/prime-gap-structure/docs/gap-structure-factor-brief-evidence/multiplicative-web/literal-web-rewind/research-meetings/candidate-list-search-space-reduction-runner/output/toy_v01_amended/toy_4951764003343009/public/public_output.jsonl
public_output_sha256: 07f0b78d86eabb960a62687e583ce3b2174835787dc84826270054f2641c3b97
public_manifest_path: /Users/velocityworks/IdeaProjects/prime-gap-structure/docs/gap-structure-factor-brief-evidence/multiplicative-web/literal-web-rewind/research-meetings/candidate-list-search-space-reduction-runner/output/toy_v01_amended/toy_4951764003343009/public/public_manifest.json
public_manifest_sha256: a5a037500fb615d40daaf5718c09a821fdc3fdac0a7b52ba954fd1dc1c3ef3a1
public_record_count: 512
original_space_size: 67108864
candidate_reduction_ratio: 67108864/512
candidate_reduction_bits: 17.0
pre_cap_qualified_count: 48456
max_observed_triangulation_depth: 11
depth_counts_pre_cap: {"10": 235, "11": 9, "5": 1355, "6": 5353, "7": 15618, "8": 21743, "9": 4143}
cap_active: True
emitted_depth_counts: {"10": 235, "11": 9, "9": 268}
cutoff_triangulation_depth: 9
pre_cap_to_emitted_ratio: 94.640625
public_nominations_summary:
  - rank: 1
    distance: 15525229
    score: [11, 0, 10, -15525229]
  - rank: 2
    distance: 18380081
    score: [11, 0, 10, -18380081]
  - rank: 3
    distance: 49419089
    score: [11, 0, 10, -49419089]
  - rank: 4
    distance: 49921031
    score: [11, 0, 10, -49921031]
  - rank: 5
    distance: 97015001
    score: [11, 0, 10, -97015001]
  - rank: 6
    distance: 97668719
    score: [11, 0, 10, -97668719]
  - rank: 7
    distance: 103044739
    score: [11, 0, 10, -103044739]
  - rank: 8
    distance: 108701081
    score: [11, 0, 10, -108701081]
  - rank: 9
    distance: 111790211
    score: [11, 0, 10, -111790211]
  - rank: 10
    distance: 174091
    score: [10, 0, 9, -174091]
  - rank: 11
    distance: 380099
    score: [10, 0, 9, -380099]
  - rank: 12
    distance: 1024421
    score: [10, 0, 9, -1024421]
  - rank: 13
    distance: 1531109
    score: [10, 0, 9, -1531109]
  - rank: 14
    distance: 1713179
    score: [10, 0, 9, -1713179]
  - rank: 15
    distance: 2580859
    score: [10, 0, 9, -2580859]
  - rank: 16
    distance: 2753239
    score: [10, 0, 9, -2753239]
  - rank: 17
    distance: 3525439
    score: [10, 0, 9, -3525439]
  - rank: 18
    distance: 3776921
    score: [10, 0, 9, -3776921]
  - rank: 19
    distance: 4155731
    score: [10, 0, 9, -4155731]
  - rank: 20
    distance: 4254739
    score: [10, 0, 9, -4254739]
  - rank: 21
    distance: 4974689
    score: [10, 0, 9, -4974689]
  - rank: 22
    distance: 5435039
    score: [10, 0, 9, -5435039]
  - rank: 23
    distance: 5531609
    score: [10, 0, 9, -5531609]
  - rank: 24
    distance: 6085799
    score: [10, 0, 9, -6085799]
  - rank: 25
    distance: 8294551
    score: [10, 0, 9, -8294551]
  - rank: 26
    distance: 9468409
    score: [10, 0, 9, -9468409]
  - rank: 27
    distance: 10058131
    score: [10, 0, 9, -10058131]
  - rank: 28
    distance: 10813951
    score: [10, 0, 9, -10813951]
  - rank: 29
    distance: 11099369
    score: [10, 0, 9, -11099369]
  - rank: 30
    distance: 11396039
    score: [10, 0, 9, -11396039]
PRIVATE_AUDIT_UNLOCKED: true
{
  "N": 4951764003343009,
  "N_bits": 53,
  "candidate_reduction_bits": 17.0,
  "candidate_reduction_ratio": "67108864/512",
  "cap_active": true,
  "cutoff_triangulation_depth": 9,
  "depth_counts_pre_cap": {
    "10": 235,
    "11": 9,
    "5": 1355,
    "6": 5353,
    "7": 15618,
    "8": 21743,
    "9": 4143
  },
  "elapsed_seconds": 1.221505,
  "emitted_count": 512,
  "emitted_depth_counts": {
    "10": 235,
    "11": 9,
    "9": 268
  },
  "max_candidates": 512,
  "max_observed_triangulation_depth": 11,
  "min_depth": 5,
  "original_space_definition": "count of odd positive distances d with 1 <= d <= public_radius(N)",
  "original_space_size": 67108864,
  "policy": "thread_triangulation_v01",
  "pre_cap_qualified_count": 48456,
  "pre_cap_to_emitted_ratio": 94.640625,
  "public_only": true,
  "public_radius": 134217728,
  "reduction_status": "measured",
  "score_key": [
    "triangulation_depth descending",
    "shared_thread_count descending",
    "total_thread_count descending",
    "distance ascending"
  ],
  "source_sha256": "e2617cc725de2a9aa0e5dc3859baad9339c042cebd2b6f3a7e47fb83a898a0fa",
  "thread_set": [
    3,
    5,
    7,
    11,
    13,
    17,
    19,
    23,
    29,
    31,
    37,
    41
  ]
}
