PUBLIC_FREEZE_RECORD:
public_source_path: /Users/velocityworks/IdeaProjects/prime-gap-structure/docs/gap-structure-factor-brief-evidence/multiplicative-web/literal-web-rewind/research-meetings/candidate-list-search-space-reduction-runner/thread_triangulation_v01_runner.py
public_source_sha256: dd1b0d9f1d69f25c845f2812214da92187f4e3750609b1b94963934d3fd03878
public_source_private_token_scan: pass
  p =: False
  q =: False
  CASE: False
  known_factor: False
  factor_distance: False
  exact_factor_rank: False
  target_distance: False
  private_distance: False
  gcd: False
  factorint: False
  isprime: False
  nextprime: False
  sqrt: False
  random: False
public_command: python3 thread_triangulation_v01_runner.py --n 1209476905903 --out-dir output/toy_v01/toy_1209476905903/public
public_output_path: /Users/velocityworks/IdeaProjects/prime-gap-structure/docs/gap-structure-factor-brief-evidence/multiplicative-web/literal-web-rewind/research-meetings/candidate-list-search-space-reduction-runner/output/toy_v01/toy_1209476905903/public/public_output.jsonl
public_output_sha256: cb1f0345e1e9d9bdfc2b6a630f642adadb7f75d4c7d025ff08ba86d3400d4a88
public_manifest_path: /Users/velocityworks/IdeaProjects/prime-gap-structure/docs/gap-structure-factor-brief-evidence/multiplicative-web/literal-web-rewind/research-meetings/candidate-list-search-space-reduction-runner/output/toy_v01/toy_1209476905903/public/public_manifest.json
public_manifest_sha256: 0beaff482d651bd77c4ab382a3696abd36b86bdba3b58faa07b357f014517a19
public_record_count: 512
original_space_size: 1048576
candidate_reduction_ratio: 1048576/512
candidate_reduction_bits: 11.0
public_nominations_summary:
  - rank: 1
    distance: 126007
    score: [9, 1, 9, -126007]
  - rank: 2
    distance: 183757
    score: [9, 1, 9, -183757]
  - rank: 3
    distance: 352163
    score: [9, 1, 9, -352163]
  - rank: 4
    distance: 424613
    score: [9, 1, 9, -424613]
  - rank: 5
    distance: 441707
    score: [9, 1, 9, -441707]
  - rank: 6
    distance: 515053
    score: [9, 1, 9, -515053]
  - rank: 7
    distance: 526337
    score: [9, 1, 9, -526337]
  - rank: 8
    distance: 529263
    score: [9, 1, 9, -529263]
  - rank: 9
    distance: 608797
    score: [9, 1, 9, -608797]
  - rank: 10
    distance: 694505
    score: [9, 1, 9, -694505]
  - rank: 11
    distance: 719453
    score: [9, 1, 9, -719453]
  - rank: 12
    distance: 837739
    score: [9, 1, 9, -837739]
  - rank: 13
    distance: 839027
    score: [9, 1, 9, -839027]
  - rank: 14
    distance: 908467
    score: [9, 1, 9, -908467]
  - rank: 15
    distance: 953687
    score: [9, 1, 9, -953687]
  - rank: 16
    distance: 1109843
    score: [9, 1, 9, -1109843]
  - rank: 17
    distance: 1322587
    score: [9, 1, 9, -1322587]
  - rank: 18
    distance: 1445633
    score: [9, 1, 9, -1445633]
  - rank: 19
    distance: 1457267
    score: [9, 1, 9, -1457267]
  - rank: 20
    distance: 1496761
    score: [9, 1, 9, -1496761]
  - rank: 21
    distance: 1583393
    score: [9, 1, 9, -1583393]
  - rank: 22
    distance: 1636747
    score: [9, 1, 9, -1636747]
  - rank: 23
    distance: 1771217
    score: [9, 1, 9, -1771217]
  - rank: 24
    distance: 1826167
    score: [9, 1, 9, -1826167]
  - rank: 25
    distance: 1953763
    score: [9, 1, 9, -1953763]
  - rank: 26
    distance: 2094827
    score: [9, 1, 9, -2094827]
  - rank: 27
    distance: 182423
    score: [9, 0, 8, -182423]
  - rank: 28
    distance: 401927
    score: [9, 0, 8, -401927]
  - rank: 29
    distance: 602153
    score: [9, 0, 8, -602153]
  - rank: 30
    distance: 612293
    score: [9, 0, 8, -612293]
PRIVATE_AUDIT_UNLOCKED: true
{
  "N": 1209476905903,
  "N_bits": 41,
  "candidate_reduction_bits": 11.0,
  "candidate_reduction_ratio": "1048576/512",
  "elapsed_seconds": 0.585955,
  "emitted_count": 512,
  "max_candidates": 512,
  "min_depth": 5,
  "original_space_definition": "count of odd positive distances d with 1 <= d <= public_radius(N)",
  "original_space_size": 1048576,
  "policy": "thread_triangulation_v01",
  "public_only": true,
  "public_radius": 2097152,
  "reduction_status": "measured",
  "score_key": [
    "triangulation_depth descending",
    "shared_thread_count descending",
    "total_thread_count descending",
    "distance ascending"
  ],
  "source_sha256": "dd1b0d9f1d69f25c845f2812214da92187f4e3750609b1b94963934d3fd03878",
  "thread_set": [
    3,
    5,
    7,
    11,
    13,
    17,
    19,
    23,
    29,
    31,
    37,
    41
  ]
}
