PUBLIC_FREEZE_RECORD:
public_source_path: /Users/velocityworks/IdeaProjects/prime-gap-structure/docs/gap-structure-factor-brief-evidence/multiplicative-web/literal-web-rewind/research-meetings/candidate-list-search-space-reduction-runner/thread_triangulation_ratio_probe.py
public_source_sha256: 8dc166e92045bf0871c5d1069380dd933833c82241185473f0a79960a6e8a594
public_source_private_token_scan: pass
  p =: False
  q =: False
  CASE: False
  known_factor: False
  factor_distance: False
  exact_factor_rank: False
  target_distance: False
  private_distance: False
  gcd: False
  factorint: False
  isprime: False
  nextprime: False
  sqrt: False
  random: False
public_command: python3 thread_triangulation_ratio_probe.py --n 1209476905903 --out-dir /Users/velocityworks/IdeaProjects/prime-gap-structure/docs/gap-structure-factor-brief-evidence/multiplicative-web/literal-web-rewind/research-meetings/candidate-list-search-space-reduction-runner/output/ratio_iterations/iteration_04_thread_5_8_depth_4_12_retention_512/toy_1209476905903/public --thread-count-num 5 --thread-count-den 8 --depth-num 4 --depth-den 12 --retention-divisor 512
public_output_path: /Users/velocityworks/IdeaProjects/prime-gap-structure/docs/gap-structure-factor-brief-evidence/multiplicative-web/literal-web-rewind/research-meetings/candidate-list-search-space-reduction-runner/output/ratio_iterations/iteration_04_thread_5_8_depth_4_12_retention_512/toy_1209476905903/public/public_output.jsonl
public_output_sha256: dd31d2c1dfcdb288038a9eb7f61a8e20b1129b3861b5bf9daed32f8ff9c5264a
public_manifest_path: /Users/velocityworks/IdeaProjects/prime-gap-structure/docs/gap-structure-factor-brief-evidence/multiplicative-web/literal-web-rewind/research-meetings/candidate-list-search-space-reduction-runner/output/ratio_iterations/iteration_04_thread_5_8_depth_4_12_retention_512/toy_1209476905903/public/public_manifest.json
public_manifest_sha256: 4501aaad96e7618ddf52263828790ebb370ac25901cbb6d7b122d1a2600d29cb
public_record_count: 2048
original_space_size: 1048576
candidate_reduction_ratio: 1048576/2048
candidate_reduction_bits: 9.0
active_thread_count: 14
min_depth: 5
max_candidates: 2048
pre_cap_qualified_count: 15356
cap_active: True
PRIVATE_AUDIT_UNLOCKED: true
