PUBLIC_FREEZE_RECORD:
public_source_path: /Users/velocityworks/IdeaProjects/prime-gap-structure/docs/gap-structure-factor-brief-evidence/multiplicative-web/literal-web-rewind/research-meetings/candidate-list-search-space-reduction-runner/thread_triangulation_v01_runner.py
public_source_sha256: dd1b0d9f1d69f25c845f2812214da92187f4e3750609b1b94963934d3fd03878
public_source_private_token_scan: pass
  p =: False
  q =: False
  CASE: False
  known_factor: False
  factor_distance: False
  exact_factor_rank: False
  target_distance: False
  private_distance: False
  gcd: False
  factorint: False
  isprime: False
  nextprime: False
  sqrt: False
  random: False
public_command: python3 thread_triangulation_v01_runner.py --n 77468500194643 --out-dir output/toy_v01/toy_77468500194643/public
public_output_path: /Users/velocityworks/IdeaProjects/prime-gap-structure/docs/gap-structure-factor-brief-evidence/multiplicative-web/literal-web-rewind/research-meetings/candidate-list-search-space-reduction-runner/output/toy_v01/toy_77468500194643/public/public_output.jsonl
public_output_sha256: 3eb82926faa16d8d2d935db482730e48e5f787021d57562ec71dfc201c4ec1f7
public_manifest_path: /Users/velocityworks/IdeaProjects/prime-gap-structure/docs/gap-structure-factor-brief-evidence/multiplicative-web/literal-web-rewind/research-meetings/candidate-list-search-space-reduction-runner/output/toy_v01/toy_77468500194643/public/public_manifest.json
public_manifest_sha256: 353cf210cba7e7dccab34544e665788333bb3554cf631f743442ebb8dcc686e4
public_record_count: 512
original_space_size: 8388608
candidate_reduction_ratio: 8388608/512
candidate_reduction_bits: 14.0
public_nominations_summary:
  - rank: 1
    distance: 9056633
    score: [11, 0, 10, -9056633]
  - rank: 2
    distance: 9356713
    score: [11, 0, 10, -9356713]
  - rank: 3
    distance: 303707
    score: [10, 0, 9, -303707]
  - rank: 4
    distance: 447043
    score: [10, 0, 9, -447043]
  - rank: 5
    distance: 730067
    score: [10, 0, 9, -730067]
  - rank: 6
    distance: 2149733
    score: [10, 0, 9, -2149733]
  - rank: 7
    distance: 2454713
    score: [10, 0, 9, -2454713]
  - rank: 8
    distance: 3500723
    score: [10, 0, 9, -3500723]
  - rank: 9
    distance: 3666077
    score: [10, 0, 9, -3666077]
  - rank: 10
    distance: 4082807
    score: [10, 0, 9, -4082807]
  - rank: 11
    distance: 4688857
    score: [10, 0, 9, -4688857]
  - rank: 12
    distance: 6273143
    score: [10, 0, 9, -6273143]
  - rank: 13
    distance: 6510947
    score: [10, 0, 9, -6510947]
  - rank: 14
    distance: 7165573
    score: [10, 0, 9, -7165573]
  - rank: 15
    distance: 9872123
    score: [10, 0, 9, -9872123]
  - rank: 16
    distance: 10068473
    score: [10, 0, 9, -10068473]
  - rank: 17
    distance: 10540087
    score: [10, 0, 9, -10540087]
  - rank: 18
    distance: 10927177
    score: [10, 0, 9, -10927177]
  - rank: 19
    distance: 11058787
    score: [10, 0, 9, -11058787]
  - rank: 20
    distance: 12107653
    score: [10, 0, 9, -12107653]
  - rank: 21
    distance: 12466193
    score: [10, 0, 9, -12466193]
  - rank: 22
    distance: 12861263
    score: [10, 0, 9, -12861263]
  - rank: 23
    distance: 12888433
    score: [10, 0, 9, -12888433]
  - rank: 24
    distance: 13568497
    score: [10, 0, 9, -13568497]
  - rank: 25
    distance: 14550797
    score: [10, 0, 9, -14550797]
  - rank: 26
    distance: 15268943
    score: [10, 0, 9, -15268943]
  - rank: 27
    distance: 15899287
    score: [10, 0, 9, -15899287]
  - rank: 28
    distance: 18307
    score: [9, 0, 8, -18307]
  - rank: 29
    distance: 83383
    score: [9, 0, 8, -83383]
  - rank: 30
    distance: 128543
    score: [9, 0, 8, -128543]
PRIVATE_AUDIT_UNLOCKED: true
{
  "N": 77468500194643,
  "N_bits": 47,
  "candidate_reduction_bits": 14.0,
  "candidate_reduction_ratio": "8388608/512",
  "elapsed_seconds": 0.928082,
  "emitted_count": 512,
  "max_candidates": 512,
  "min_depth": 5,
  "original_space_definition": "count of odd positive distances d with 1 <= d <= public_radius(N)",
  "original_space_size": 8388608,
  "policy": "thread_triangulation_v01",
  "public_only": true,
  "public_radius": 16777216,
  "reduction_status": "measured",
  "score_key": [
    "triangulation_depth descending",
    "shared_thread_count descending",
    "total_thread_count descending",
    "distance ascending"
  ],
  "source_sha256": "dd1b0d9f1d69f25c845f2812214da92187f4e3750609b1b94963934d3fd03878",
  "thread_set": [
    3,
    5,
    7,
    11,
    13,
    17,
    19,
    23,
    29,
    31,
    37,
    41
  ]
}
