PUBLIC_FREEZE_RECORD:
public_source_path: /Users/velocityworks/IdeaProjects/prime-gap-structure/docs/gap-structure-factor-brief-evidence/multiplicative-web/literal-web-rewind/research-meetings/candidate-list-search-space-reduction-runner/thread_triangulation_v01_runner.py
public_source_sha256: dd1b0d9f1d69f25c845f2812214da92187f4e3750609b1b94963934d3fd03878
public_source_private_token_scan: pass
  p =: False
  q =: False
  CASE: False
  known_factor: False
  factor_distance: False
  exact_factor_rank: False
  target_distance: False
  private_distance: False
  gcd: False
  factorint: False
  isprime: False
  nextprime: False
  sqrt: False
  random: False
public_command: python3 thread_triangulation_v01_runner.py --n 200250077 --out-dir output/toy_v01/toy_200250077/public
public_output_path: /Users/velocityworks/IdeaProjects/prime-gap-structure/docs/gap-structure-factor-brief-evidence/multiplicative-web/literal-web-rewind/research-meetings/candidate-list-search-space-reduction-runner/output/toy_v01/toy_200250077/public/public_output.jsonl
public_output_sha256: e4fe25383a0e05c2121b630f164f0ebafb5e312970de9534b2704eeacb8d3ee6
public_manifest_path: /Users/velocityworks/IdeaProjects/prime-gap-structure/docs/gap-structure-factor-brief-evidence/multiplicative-web/literal-web-rewind/research-meetings/candidate-list-search-space-reduction-runner/output/toy_v01/toy_200250077/public/public_manifest.json
public_manifest_sha256: a24424820cb1435f1af21d340371d45b640176d5ad8a6dde99f202d2c933742e
public_record_count: 512
original_space_size: 8192
candidate_reduction_ratio: 8192/512
candidate_reduction_bits: 4.0
public_nominations_summary:
  - rank: 1
    distance: 9685
    score: [8, 0, 7, -9685]
  - rank: 2
    distance: 14587
    score: [8, 0, 7, -14587]
  - rank: 3
    distance: 337
    score: [7, 0, 6, -337]
  - rank: 4
    distance: 379
    score: [7, 0, 6, -379]
  - rank: 5
    distance: 727
    score: [7, 0, 6, -727]
  - rank: 6
    distance: 1249
    score: [7, 0, 6, -1249]
  - rank: 7
    distance: 1303
    score: [7, 0, 6, -1303]
  - rank: 8
    distance: 1457
    score: [7, 0, 6, -1457]
  - rank: 9
    distance: 1637
    score: [7, 0, 6, -1637]
  - rank: 10
    distance: 1933
    score: [7, 0, 6, -1933]
  - rank: 11
    distance: 2003
    score: [7, 0, 6, -2003]
  - rank: 12
    distance: 2183
    score: [7, 0, 6, -2183]
  - rank: 13
    distance: 3043
    score: [7, 0, 6, -3043]
  - rank: 14
    distance: 3107
    score: [7, 0, 6, -3107]
  - rank: 15
    distance: 3613
    score: [7, 0, 6, -3613]
  - rank: 16
    distance: 3977
    score: [7, 0, 6, -3977]
  - rank: 17
    distance: 4033
    score: [7, 0, 6, -4033]
  - rank: 18
    distance: 4109
    score: [7, 0, 6, -4109]
  - rank: 19
    distance: 4213
    score: [7, 0, 6, -4213]
  - rank: 20
    distance: 4493
    score: [7, 0, 6, -4493]
  - rank: 21
    distance: 4523
    score: [7, 0, 6, -4523]
  - rank: 22
    distance: 4901
    score: [7, 0, 6, -4901]
  - rank: 23
    distance: 4993
    score: [7, 0, 6, -4993]
  - rank: 24
    distance: 5173
    score: [7, 0, 6, -5173]
  - rank: 25
    distance: 5363
    score: [7, 0, 6, -5363]
  - rank: 26
    distance: 5615
    score: [7, 0, 6, -5615]
  - rank: 27
    distance: 6047
    score: [7, 0, 6, -6047]
  - rank: 28
    distance: 6077
    score: [7, 0, 6, -6077]
  - rank: 29
    distance: 6397
    score: [7, 0, 6, -6397]
  - rank: 30
    distance: 6693
    score: [7, 0, 6, -6693]
PRIVATE_AUDIT_UNLOCKED: true
{
  "N": 200250077,
  "N_bits": 28,
  "candidate_reduction_bits": 4.0,
  "candidate_reduction_ratio": "8192/512",
  "elapsed_seconds": 0.353627,
  "emitted_count": 512,
  "max_candidates": 512,
  "min_depth": 5,
  "original_space_definition": "count of odd positive distances d with 1 <= d <= public_radius(N)",
  "original_space_size": 8192,
  "policy": "thread_triangulation_v01",
  "public_only": true,
  "public_radius": 16384,
  "reduction_status": "measured",
  "score_key": [
    "triangulation_depth descending",
    "shared_thread_count descending",
    "total_thread_count descending",
    "distance ascending"
  ],
  "source_sha256": "dd1b0d9f1d69f25c845f2812214da92187f4e3750609b1b94963934d3fd03878",
  "thread_set": [
    3,
    5,
    7,
    11,
    13,
    17,
    19,
    23,
    29,
    31,
    37,
    41
  ]
}
