PUBLIC_FREEZE_RECORD:
public_source_path: /Users/velocityworks/IdeaProjects/prime-gap-structure/docs/gap-structure-factor-brief-evidence/multiplicative-web/literal-web-rewind/research-meetings/candidate-list-search-space-reduction-runner/thread_triangulation_v02_ratio_runner.py
public_source_sha256: 15be58e3d1fb9e026a76fc67b69ca6c5999ecc01351f65e90e84cc2c6211c465
public_source_private_token_scan: pass
  p =: False
  q =: False
  CASE: False
  known_factor: False
  factor_distance: False
  exact_factor_rank: False
  target_distance: False
  private_distance: False
  gcd: False
  factorint: False
  isprime: False
  nextprime: False
  sqrt: False
  random: False
public_command: python3 thread_triangulation_v02_ratio_runner.py --n 1242079 --out-dir /Users/velocityworks/IdeaProjects/prime-gap-structure/docs/gap-structure-factor-brief-evidence/multiplicative-web/literal-web-rewind/research-meetings/candidate-list-search-space-reduction-runner/output/toy_v02_ratio/toy_1242079/public
public_output_path: /Users/velocityworks/IdeaProjects/prime-gap-structure/docs/gap-structure-factor-brief-evidence/multiplicative-web/literal-web-rewind/research-meetings/candidate-list-search-space-reduction-runner/output/toy_v02_ratio/toy_1242079/public/public_output.jsonl
public_output_sha256: ad33fbe3b6f71d00b6cd9d7ac941cf4b8fbf0a4fcdc3695bf3de20c729e9e9d7
public_manifest_path: /Users/velocityworks/IdeaProjects/prime-gap-structure/docs/gap-structure-factor-brief-evidence/multiplicative-web/literal-web-rewind/research-meetings/candidate-list-search-space-reduction-runner/output/toy_v02_ratio/toy_1242079/public/public_manifest.json
public_manifest_sha256: 98aefaaefb5ca24b6120d2ec37fb7eb2ae584837f9901fd205b48885f4684c96
public_record_count: 1
original_space_size: 1024
candidate_reduction_ratio: 1024/1
candidate_reduction_bits: 10.0
active_thread_count: 5
min_depth: 3
max_candidates: 1
pre_cap_qualified_count: 79
max_observed_triangulation_depth: 6
depth_counts_pre_cap: {"3": 5, "4": 38, "5": 35, "6": 1}
cap_active: True
emitted_depth_counts: {"6": 1}
cutoff_triangulation_depth: 6
pre_cap_to_emitted_ratio: 79.0
public_nominations_summary: see public_output.jsonl
PRIVATE_AUDIT_UNLOCKED: true
{
  "N": 1242079,
  "N_bits": 21,
  "active_thread_count": 5,
  "candidate_reduction_bits": 10.0,
  "candidate_reduction_ratio": "1024/1",
  "cap_active": true,
  "cutoff_triangulation_depth": 6,
  "depth_counts_pre_cap": {
    "3": 5,
    "4": 38,
    "5": 35,
    "6": 1
  },
  "depth_ratio": "5/12",
  "elapsed_seconds": 0.001308,
  "emitted_count": 1,
  "emitted_depth_counts": {
    "6": 1
  },
  "max_candidates": 1,
  "max_observed_triangulation_depth": 6,
  "min_depth": 3,
  "original_space_definition": "count of odd positive distances d with 1 <= d <= public_radius(N)",
  "original_space_size": 1024,
  "policy": "thread_triangulation_v02_ratio",
  "pre_cap_qualified_count": 79,
  "pre_cap_to_emitted_ratio": 79.0,
  "public_only": true,
  "public_radius": 2048,
  "reduction_status": "measured",
  "retention_divisor": 1024,
  "score_key": [
    "triangulation_depth descending",
    "shared_thread_count descending",
    "total_thread_count descending",
    "distance ascending"
  ],
  "source_sha256": "15be58e3d1fb9e026a76fc67b69ca6c5999ecc01351f65e90e84cc2c6211c465",
  "thread_count_ratio": "3/8",
  "thread_set": [
    3,
    5,
    7,
    11,
    13
  ]
}
