PUBLIC_FREEZE_RECORD:
public_source_path: /Users/velocityworks/IdeaProjects/prime-gap-structure/docs/gap-structure-factor-brief-evidence/multiplicative-web/literal-web-rewind/research-meetings/candidate-list-search-space-reduction-runner/thread_triangulation_ratio_probe.py
public_source_sha256: 8dc166e92045bf0871c5d1069380dd933833c82241185473f0a79960a6e8a594
public_source_private_token_scan: pass
  p =: False
  q =: False
  CASE: False
  known_factor: False
  factor_distance: False
  exact_factor_rank: False
  target_distance: False
  private_distance: False
  gcd: False
  factorint: False
  isprime: False
  nextprime: False
  sqrt: False
  random: False
public_command: python3 thread_triangulation_ratio_probe.py --n 77468500194643 --out-dir /Users/velocityworks/IdeaProjects/prime-gap-structure/docs/gap-structure-factor-brief-evidence/multiplicative-web/literal-web-rewind/research-meetings/candidate-list-search-space-reduction-runner/output/ratio_iterations/iteration_05_thread_5_8_depth_4_12_retention_128/toy_77468500194643/public --thread-count-num 5 --thread-count-den 8 --depth-num 4 --depth-den 12 --retention-divisor 128
public_output_path: /Users/velocityworks/IdeaProjects/prime-gap-structure/docs/gap-structure-factor-brief-evidence/multiplicative-web/literal-web-rewind/research-meetings/candidate-list-search-space-reduction-runner/output/ratio_iterations/iteration_05_thread_5_8_depth_4_12_retention_128/toy_77468500194643/public/public_output.jsonl
public_output_sha256: 7da81211c80f7521cd14a69d5c11ff820d3152a3fb823f24e46cddd5092f4f22
public_manifest_path: /Users/velocityworks/IdeaProjects/prime-gap-structure/docs/gap-structure-factor-brief-evidence/multiplicative-web/literal-web-rewind/research-meetings/candidate-list-search-space-reduction-runner/output/ratio_iterations/iteration_05_thread_5_8_depth_4_12_retention_128/toy_77468500194643/public/public_manifest.json
public_manifest_sha256: 4c192d862fc0ec24095bc4d29ddbd3d952d2cfe56ee768a8bdf052c2d9fdbcaa
public_record_count: 65536
original_space_size: 8388608
candidate_reduction_ratio: 8388608/65536
candidate_reduction_bits: 7.0
active_thread_count: 16
min_depth: 6
max_candidates: 65536
pre_cap_qualified_count: 71163
cap_active: True
PRIVATE_AUDIT_UNLOCKED: true
