PUBLIC_FREEZE_RECORD:
public_source_path: /Users/velocityworks/IdeaProjects/prime-gap-structure/docs/gap-structure-factor-brief-evidence/multiplicative-web/literal-web-rewind/research-meetings/candidate-list-search-space-reduction-runner/thread_triangulation_ratio_probe.py
public_source_sha256: 8dc166e92045bf0871c5d1069380dd933833c82241185473f0a79960a6e8a594
public_source_private_token_scan: pass
  p =: False
  q =: False
  CASE: False
  known_factor: False
  factor_distance: False
  exact_factor_rank: False
  target_distance: False
  private_distance: False
  gcd: False
  factorint: False
  isprime: False
  nextprime: False
  sqrt: False
  random: False
public_command: python3 thread_triangulation_ratio_probe.py --n 4295229443 --out-dir /Users/velocityworks/IdeaProjects/prime-gap-structure/docs/gap-structure-factor-brief-evidence/multiplicative-web/literal-web-rewind/research-meetings/candidate-list-search-space-reduction-runner/output/ratio_iterations/iteration_02_thread_1_2_depth_5_12_retention_512/toy_4295229443/public --thread-count-num 1 --thread-count-den 2 --depth-num 5 --depth-den 12 --retention-divisor 512
public_output_path: /Users/velocityworks/IdeaProjects/prime-gap-structure/docs/gap-structure-factor-brief-evidence/multiplicative-web/literal-web-rewind/research-meetings/candidate-list-search-space-reduction-runner/output/ratio_iterations/iteration_02_thread_1_2_depth_5_12_retention_512/toy_4295229443/public/public_output.jsonl
public_output_sha256: 3889fe622ba280c5028053d506e166c3ec976105a8649cd9abf36d983703dce2
public_manifest_path: /Users/velocityworks/IdeaProjects/prime-gap-structure/docs/gap-structure-factor-brief-evidence/multiplicative-web/literal-web-rewind/research-meetings/candidate-list-search-space-reduction-runner/output/ratio_iterations/iteration_02_thread_1_2_depth_5_12_retention_512/toy_4295229443/public/public_manifest.json
public_manifest_sha256: 047bf372fc8a76d16dc07075911d9173ecc3df028a4f2cd7f962db1e8bf3919e
public_record_count: 128
original_space_size: 65536
candidate_reduction_ratio: 65536/128
candidate_reduction_bits: 9.0
active_thread_count: 9
min_depth: 4
max_candidates: 128
pre_cap_qualified_count: 1599
cap_active: True
PRIVATE_AUDIT_UNLOCKED: true
