PUBLIC_FREEZE_RECORD:
public_source_path: /Users/velocityworks/IdeaProjects/prime-gap-structure/docs/gap-structure-factor-brief-evidence/multiplicative-web/literal-web-rewind/research-meetings/candidate-list-search-space-reduction-runner/thread_triangulation_v02_ratio_runner.py
public_source_sha256: 15be58e3d1fb9e026a76fc67b69ca6c5999ecc01351f65e90e84cc2c6211c465
public_source_private_token_scan: pass
  p =: False
  q =: False
  CASE: False
  known_factor: False
  factor_distance: False
  exact_factor_rank: False
  target_distance: False
  private_distance: False
  gcd: False
  factorint: False
  isprime: False
  nextprime: False
  sqrt: False
  random: False
public_command: python3 thread_triangulation_v02_ratio_runner.py --n 77468500194643 --out-dir /Users/velocityworks/IdeaProjects/prime-gap-structure/docs/gap-structure-factor-brief-evidence/multiplicative-web/literal-web-rewind/research-meetings/candidate-list-search-space-reduction-runner/output/toy_v02_ratio/toy_77468500194643/public
public_output_path: /Users/velocityworks/IdeaProjects/prime-gap-structure/docs/gap-structure-factor-brief-evidence/multiplicative-web/literal-web-rewind/research-meetings/candidate-list-search-space-reduction-runner/output/toy_v02_ratio/toy_77468500194643/public/public_output.jsonl
public_output_sha256: f5642c279e019dfc9645c1ae10770e98f5ae563fb4fa4b5e8b5fe5f4346196b4
public_manifest_path: /Users/velocityworks/IdeaProjects/prime-gap-structure/docs/gap-structure-factor-brief-evidence/multiplicative-web/literal-web-rewind/research-meetings/candidate-list-search-space-reduction-runner/output/toy_v02_ratio/toy_77468500194643/public/public_manifest.json
public_manifest_sha256: a7a645dd7897988303ff38903519fe7f954f3ed872f23e43322759af7e60a9e1
public_record_count: 8192
original_space_size: 8388608
candidate_reduction_ratio: 8388608/8192
candidate_reduction_bits: 10.0
active_thread_count: 10
min_depth: 5
max_candidates: 8192
pre_cap_qualified_count: 10580
max_observed_triangulation_depth: 10
depth_counts_pre_cap: {"10": 5, "5": 733, "6": 2279, "7": 4678, "8": 2706, "9": 179}
cap_active: True
emitted_depth_counts: {"10": 5, "6": 624, "7": 4678, "8": 2706, "9": 179}
cutoff_triangulation_depth: 6
pre_cap_to_emitted_ratio: 1.29150390625
public_nominations_summary: see public_output.jsonl
PRIVATE_AUDIT_UNLOCKED: true
{
  "N": 77468500194643,
  "N_bits": 47,
  "active_thread_count": 10,
  "candidate_reduction_bits": 10.0,
  "candidate_reduction_ratio": "8388608/8192",
  "cap_active": true,
  "cutoff_triangulation_depth": 6,
  "depth_counts_pre_cap": {
    "10": 5,
    "5": 733,
    "6": 2279,
    "7": 4678,
    "8": 2706,
    "9": 179
  },
  "depth_ratio": "5/12",
  "elapsed_seconds": 0.204375,
  "emitted_count": 8192,
  "emitted_depth_counts": {
    "10": 5,
    "6": 624,
    "7": 4678,
    "8": 2706,
    "9": 179
  },
  "max_candidates": 8192,
  "max_observed_triangulation_depth": 10,
  "min_depth": 5,
  "original_space_definition": "count of odd positive distances d with 1 <= d <= public_radius(N)",
  "original_space_size": 8388608,
  "policy": "thread_triangulation_v02_ratio",
  "pre_cap_qualified_count": 10580,
  "pre_cap_to_emitted_ratio": 1.29150390625,
  "public_only": true,
  "public_radius": 16777216,
  "reduction_status": "measured",
  "retention_divisor": 1024,
  "score_key": [
    "triangulation_depth descending",
    "shared_thread_count descending",
    "total_thread_count descending",
    "distance ascending"
  ],
  "source_sha256": "15be58e3d1fb9e026a76fc67b69ca6c5999ecc01351f65e90e84cc2c6211c465",
  "thread_count_ratio": "3/8",
  "thread_set": [
    3,
    5,
    7,
    11,
    13,
    17,
    19,
    23,
    29,
    31
  ]
}
