PUBLIC_FREEZE_RECORD:
public_source_path: /Users/velocityworks/IdeaProjects/prime-gap-structure/docs/gap-structure-factor-brief-evidence/multiplicative-web/literal-web-rewind/research-meetings/candidate-list-search-space-reduction-runner/thread_triangulation_ratio_probe.py
public_source_sha256: 8dc166e92045bf0871c5d1069380dd933833c82241185473f0a79960a6e8a594
public_source_private_token_scan: pass
  p =: False
  q =: False
  CASE: False
  known_factor: False
  factor_distance: False
  exact_factor_rank: False
  target_distance: False
  private_distance: False
  gcd: False
  factorint: False
  isprime: False
  nextprime: False
  sqrt: False
  random: False
public_command: python3 thread_triangulation_ratio_probe.py --n 4951764003343009 --out-dir /Users/velocityworks/IdeaProjects/prime-gap-structure/docs/gap-structure-factor-brief-evidence/multiplicative-web/literal-web-rewind/research-meetings/candidate-list-search-space-reduction-runner/output/ratio_iterations/iteration_05_thread_5_8_depth_4_12_retention_128/toy_4951764003343009/public --thread-count-num 5 --thread-count-den 8 --depth-num 4 --depth-den 12 --retention-divisor 128
public_output_path: /Users/velocityworks/IdeaProjects/prime-gap-structure/docs/gap-structure-factor-brief-evidence/multiplicative-web/literal-web-rewind/research-meetings/candidate-list-search-space-reduction-runner/output/ratio_iterations/iteration_05_thread_5_8_depth_4_12_retention_128/toy_4951764003343009/public/public_output.jsonl
public_output_sha256: da1f0fb36d0ff7e4a073a805df9e2a9e27e71a7b3782f2a508b0a404f665e4e7
public_manifest_path: /Users/velocityworks/IdeaProjects/prime-gap-structure/docs/gap-structure-factor-brief-evidence/multiplicative-web/literal-web-rewind/research-meetings/candidate-list-search-space-reduction-runner/output/ratio_iterations/iteration_05_thread_5_8_depth_4_12_retention_128/toy_4951764003343009/public/public_manifest.json
public_manifest_sha256: d4ce98ad79b58ea518e01654d8d1790ab0cc55fa7b6f2fd7149f94b31bc03e0a
public_record_count: 284797
original_space_size: 67108864
candidate_reduction_ratio: 67108864/284797
candidate_reduction_bits: 7.880425576267019
active_thread_count: 18
min_depth: 6
max_candidates: 524288
pre_cap_qualified_count: 284797
cap_active: False
PRIVATE_AUDIT_UNLOCKED: true
