PUBLIC_FREEZE_RECORD:
public_source_path: /Users/velocityworks/IdeaProjects/prime-gap-structure/docs/gap-structure-factor-brief-evidence/multiplicative-web/literal-web-rewind/research-meetings/candidate-list-search-space-reduction-runner/thread_triangulation_v02_ratio_runner.py
public_source_sha256: 15be58e3d1fb9e026a76fc67b69ca6c5999ecc01351f65e90e84cc2c6211c465
public_source_private_token_scan: pass
  p =: False
  q =: False
  CASE: False
  known_factor: False
  factor_distance: False
  exact_factor_rank: False
  target_distance: False
  private_distance: False
  gcd: False
  factorint: False
  isprime: False
  nextprime: False
  sqrt: False
  random: False
public_command: python3 thread_triangulation_v02_ratio_runner.py --n 4295229443 --out-dir /Users/velocityworks/IdeaProjects/prime-gap-structure/docs/gap-structure-factor-brief-evidence/multiplicative-web/literal-web-rewind/research-meetings/candidate-list-search-space-reduction-runner/output/toy_v02_ratio/toy_4295229443/public
public_output_path: /Users/velocityworks/IdeaProjects/prime-gap-structure/docs/gap-structure-factor-brief-evidence/multiplicative-web/literal-web-rewind/research-meetings/candidate-list-search-space-reduction-runner/output/toy_v02_ratio/toy_4295229443/public/public_output.jsonl
public_output_sha256: 5aaa8fc24c2176d881acd831bb7c799934425d302ad277cc48b667a475a5760b
public_manifest_path: /Users/velocityworks/IdeaProjects/prime-gap-structure/docs/gap-structure-factor-brief-evidence/multiplicative-web/literal-web-rewind/research-meetings/candidate-list-search-space-reduction-runner/output/toy_v02_ratio/toy_4295229443/public/public_manifest.json
public_manifest_sha256: 32699a72014dc12150c1031121d47e5e26c2c6675a9b385159b5adecc4b984bd
public_record_count: 64
original_space_size: 65536
candidate_reduction_ratio: 65536/64
candidate_reduction_bits: 10.0
active_thread_count: 7
min_depth: 3
max_candidates: 64
pre_cap_qualified_count: 663
max_observed_triangulation_depth: 8
depth_counts_pre_cap: {"3": 15, "4": 71, "5": 217, "6": 298, "7": 61, "8": 1}
cap_active: True
emitted_depth_counts: {"6": 2, "7": 61, "8": 1}
cutoff_triangulation_depth: 6
pre_cap_to_emitted_ratio: 10.359375
public_nominations_summary: see public_output.jsonl
PRIVATE_AUDIT_UNLOCKED: true
{
  "N": 4295229443,
  "N_bits": 33,
  "active_thread_count": 7,
  "candidate_reduction_bits": 10.0,
  "candidate_reduction_ratio": "65536/64",
  "cap_active": true,
  "cutoff_triangulation_depth": 6,
  "depth_counts_pre_cap": {
    "3": 15,
    "4": 71,
    "5": 217,
    "6": 298,
    "7": 61,
    "8": 1
  },
  "depth_ratio": "5/12",
  "elapsed_seconds": 0.008201,
  "emitted_count": 64,
  "emitted_depth_counts": {
    "6": 2,
    "7": 61,
    "8": 1
  },
  "max_candidates": 64,
  "max_observed_triangulation_depth": 8,
  "min_depth": 3,
  "original_space_definition": "count of odd positive distances d with 1 <= d <= public_radius(N)",
  "original_space_size": 65536,
  "policy": "thread_triangulation_v02_ratio",
  "pre_cap_qualified_count": 663,
  "pre_cap_to_emitted_ratio": 10.359375,
  "public_only": true,
  "public_radius": 131072,
  "reduction_status": "measured",
  "retention_divisor": 1024,
  "score_key": [
    "triangulation_depth descending",
    "shared_thread_count descending",
    "total_thread_count descending",
    "distance ascending"
  ],
  "source_sha256": "15be58e3d1fb9e026a76fc67b69ca6c5999ecc01351f65e90e84cc2c6211c465",
  "thread_count_ratio": "3/8",
  "thread_set": [
    3,
    5,
    7,
    11,
    13,
    17,
    19
  ]
}
