PUBLIC_FREEZE_RECORD:
public_source_path: /Users/velocityworks/IdeaProjects/prime-gap-structure/docs/gap-structure-factor-brief-evidence/multiplicative-web/literal-web-rewind/research-meetings/candidate-list-search-space-reduction-runner/thread_triangulation_v01_1_runner.py
public_source_sha256: e2617cc725de2a9aa0e5dc3859baad9339c042cebd2b6f3a7e47fb83a898a0fa
public_source_private_token_scan: pass
  p =: False
  q =: False
  CASE: False
  known_factor: False
  factor_distance: False
  exact_factor_rank: False
  target_distance: False
  private_distance: False
  gcd: False
  factorint: False
  isprime: False
  nextprime: False
  sqrt: False
  random: False
public_command: python3 thread_triangulation_v01_1_runner.py --n 25807 --out-dir output/toy_v01_amended/toy_25807/public
public_output_path: /Users/velocityworks/IdeaProjects/prime-gap-structure/docs/gap-structure-factor-brief-evidence/multiplicative-web/literal-web-rewind/research-meetings/candidate-list-search-space-reduction-runner/output/toy_v01_amended/toy_25807/public/public_output.jsonl
public_output_sha256: ee384e112de235dca034537d1cc474814c5d7d6f42badf7f65cd0e0ce034ba92
public_manifest_path: /Users/velocityworks/IdeaProjects/prime-gap-structure/docs/gap-structure-factor-brief-evidence/multiplicative-web/literal-web-rewind/research-meetings/candidate-list-search-space-reduction-runner/output/toy_v01_amended/toy_25807/public/public_manifest.json
public_manifest_sha256: 0be306809a624d488910fddb77e9497221851c98bfa81b148908f2e4b24b8243
public_record_count: 22
original_space_size: 128
candidate_reduction_ratio: 128/22
candidate_reduction_bits: 2.5405683813627027
pre_cap_qualified_count: 22
max_observed_triangulation_depth: 6
depth_counts_pre_cap: {"5": 16, "6": 6}
cap_active: False
emitted_depth_counts: {"5": 16, "6": 6}
cutoff_triangulation_depth: 5
pre_cap_to_emitted_ratio: 1.0
public_nominations_summary:
  - rank: 1
    distance: 23
    score: [6, 0, 5, -23]
  - rank: 2
    distance: 47
    score: [6, 0, 5, -47]
  - rank: 3
    distance: 67
    score: [6, 0, 5, -67]
  - rank: 4
    distance: 93
    score: [6, 0, 5, -93]
  - rank: 5
    distance: 223
    score: [6, 0, 5, -223]
  - rank: 6
    distance: 233
    score: [6, 0, 5, -233]
  - rank: 7
    distance: 1
    score: [5, 0, 4, -1]
  - rank: 8
    distance: 33
    score: [5, 0, 4, -33]
  - rank: 9
    distance: 37
    score: [5, 0, 4, -37]
  - rank: 10
    distance: 43
    score: [5, 0, 4, -43]
  - rank: 11
    distance: 89
    score: [5, 0, 4, -89]
  - rank: 12
    distance: 103
    score: [5, 0, 4, -103]
  - rank: 13
    distance: 109
    score: [5, 0, 4, -109]
  - rank: 14
    distance: 119
    score: [5, 0, 4, -119]
  - rank: 15
    distance: 137
    score: [5, 0, 4, -137]
  - rank: 16
    distance: 167
    score: [5, 0, 4, -167]
  - rank: 17
    distance: 171
    score: [5, 0, 4, -171]
  - rank: 18
    distance: 177
    score: [5, 0, 4, -177]
  - rank: 19
    distance: 187
    score: [5, 0, 4, -187]
  - rank: 20
    distance: 197
    score: [5, 0, 4, -197]
  - rank: 21
    distance: 203
    score: [5, 0, 4, -203]
  - rank: 22
    distance: 229
    score: [5, 0, 4, -229]
PRIVATE_AUDIT_UNLOCKED: true
{
  "N": 25807,
  "N_bits": 15,
  "candidate_reduction_bits": 2.5405683813627027,
  "candidate_reduction_ratio": "128/22",
  "cap_active": false,
  "cutoff_triangulation_depth": 5,
  "depth_counts_pre_cap": {
    "5": 16,
    "6": 6
  },
  "elapsed_seconds": 0.329546,
  "emitted_count": 22,
  "emitted_depth_counts": {
    "5": 16,
    "6": 6
  },
  "max_candidates": 512,
  "max_observed_triangulation_depth": 6,
  "min_depth": 5,
  "original_space_definition": "count of odd positive distances d with 1 <= d <= public_radius(N)",
  "original_space_size": 128,
  "policy": "thread_triangulation_v01",
  "pre_cap_qualified_count": 22,
  "pre_cap_to_emitted_ratio": 1.0,
  "public_only": true,
  "public_radius": 256,
  "reduction_status": "measured",
  "score_key": [
    "triangulation_depth descending",
    "shared_thread_count descending",
    "total_thread_count descending",
    "distance ascending"
  ],
  "source_sha256": "e2617cc725de2a9aa0e5dc3859baad9339c042cebd2b6f3a7e47fb83a898a0fa",
  "thread_set": [
    3,
    5,
    7,
    11,
    13,
    17,
    19,
    23,
    29,
    31,
    37,
    41
  ]
}
