PUBLIC_FREEZE_RECORD:
public_source_path: /Users/velocityworks/IdeaProjects/prime-gap-structure/docs/gap-structure-factor-brief-evidence/multiplicative-web/literal-web-rewind/research-meetings/candidate-list-search-space-reduction-runner/thread_triangulation_ratio_probe.py
public_source_sha256: 8dc166e92045bf0871c5d1069380dd933833c82241185473f0a79960a6e8a594
public_source_private_token_scan: pass
  p =: False
  q =: False
  CASE: False
  known_factor: False
  factor_distance: False
  exact_factor_rank: False
  target_distance: False
  private_distance: False
  gcd: False
  factorint: False
  isprime: False
  nextprime: False
  sqrt: False
  random: False
public_command: python3 thread_triangulation_ratio_probe.py --n 4951764003343009 --out-dir /Users/velocityworks/IdeaProjects/prime-gap-structure/docs/gap-structure-factor-brief-evidence/multiplicative-web/literal-web-rewind/research-meetings/candidate-list-search-space-reduction-runner/output/ratio_iterations/iteration_02_thread_1_2_depth_5_12_retention_512/toy_4951764003343009/public --thread-count-num 1 --thread-count-den 2 --depth-num 5 --depth-den 12 --retention-divisor 512
public_output_path: /Users/velocityworks/IdeaProjects/prime-gap-structure/docs/gap-structure-factor-brief-evidence/multiplicative-web/literal-web-rewind/research-meetings/candidate-list-search-space-reduction-runner/output/ratio_iterations/iteration_02_thread_1_2_depth_5_12_retention_512/toy_4951764003343009/public/public_output.jsonl
public_output_sha256: 573523914a7c935dc3f2e761843ad0943e1a8462dcc04f880c14af18804028c1
public_manifest_path: /Users/velocityworks/IdeaProjects/prime-gap-structure/docs/gap-structure-factor-brief-evidence/multiplicative-web/literal-web-rewind/research-meetings/candidate-list-search-space-reduction-runner/output/ratio_iterations/iteration_02_thread_1_2_depth_5_12_retention_512/toy_4951764003343009/public/public_manifest.json
public_manifest_sha256: 46487466e3bd3dc0b03f492bec1ba8490e3ed3d9e74790ab70522b861029088d
public_record_count: 103680
original_space_size: 67108864
candidate_reduction_ratio: 67108864/103680
candidate_reduction_bits: 9.338221902228014
active_thread_count: 14
min_depth: 6
max_candidates: 131072
pre_cap_qualified_count: 103680
cap_active: False
PRIVATE_AUDIT_UNLOCKED: true
