PUBLIC_FREEZE_RECORD:
public_source_path: /Users/velocityworks/IdeaProjects/prime-gap-structure/docs/gap-structure-factor-brief-evidence/multiplicative-web/literal-web-rewind/research-meetings/candidate-list-search-space-reduction-runner/thread_triangulation_v02_ratio_runner.py
public_source_sha256: 15be58e3d1fb9e026a76fc67b69ca6c5999ecc01351f65e90e84cc2c6211c465
public_source_private_token_scan: pass
  p =: False
  q =: False
  CASE: False
  known_factor: False
  factor_distance: False
  exact_factor_rank: False
  target_distance: False
  private_distance: False
  gcd: False
  factorint: False
  isprime: False
  nextprime: False
  sqrt: False
  random: False
public_command: python3 thread_triangulation_v02_ratio_runner.py --n 18902665303 --out-dir /Users/velocityworks/IdeaProjects/prime-gap-structure/docs/gap-structure-factor-brief-evidence/multiplicative-web/literal-web-rewind/research-meetings/candidate-list-search-space-reduction-runner/output/toy_v02_ratio/toy_18902665303/public
public_output_path: /Users/velocityworks/IdeaProjects/prime-gap-structure/docs/gap-structure-factor-brief-evidence/multiplicative-web/literal-web-rewind/research-meetings/candidate-list-search-space-reduction-runner/output/toy_v02_ratio/toy_18902665303/public/public_output.jsonl
public_output_sha256: bf7366447d79ad11c95d4718a8729e6e99003ce2280bb844c8493c7a154bb2df
public_manifest_path: /Users/velocityworks/IdeaProjects/prime-gap-structure/docs/gap-structure-factor-brief-evidence/multiplicative-web/literal-web-rewind/research-meetings/candidate-list-search-space-reduction-runner/output/toy_v02_ratio/toy_18902665303/public/public_manifest.json
public_manifest_sha256: 7ecd66b5aad72cad05569e337f86a55df64bf13b0ed56374f60077b9de6be914
public_record_count: 128
original_space_size: 131072
candidate_reduction_ratio: 131072/128
candidate_reduction_bits: 10.0
active_thread_count: 8
min_depth: 4
max_candidates: 128
pre_cap_qualified_count: 1296
max_observed_triangulation_depth: 8
depth_counts_pre_cap: {"4": 85, "5": 346, "6": 641, "7": 210, "8": 14}
cap_active: True
emitted_depth_counts: {"7": 114, "8": 14}
cutoff_triangulation_depth: 7
pre_cap_to_emitted_ratio: 10.125
public_nominations_summary: see public_output.jsonl
PRIVATE_AUDIT_UNLOCKED: true
{
  "N": 18902665303,
  "N_bits": 35,
  "active_thread_count": 8,
  "candidate_reduction_bits": 10.0,
  "candidate_reduction_ratio": "131072/128",
  "cap_active": true,
  "cutoff_triangulation_depth": 7,
  "depth_counts_pre_cap": {
    "4": 85,
    "5": 346,
    "6": 641,
    "7": 210,
    "8": 14
  },
  "depth_ratio": "5/12",
  "elapsed_seconds": 0.018437,
  "emitted_count": 128,
  "emitted_depth_counts": {
    "7": 114,
    "8": 14
  },
  "max_candidates": 128,
  "max_observed_triangulation_depth": 8,
  "min_depth": 4,
  "original_space_definition": "count of odd positive distances d with 1 <= d <= public_radius(N)",
  "original_space_size": 131072,
  "policy": "thread_triangulation_v02_ratio",
  "pre_cap_qualified_count": 1296,
  "pre_cap_to_emitted_ratio": 10.125,
  "public_only": true,
  "public_radius": 262144,
  "reduction_status": "measured",
  "retention_divisor": 1024,
  "score_key": [
    "triangulation_depth descending",
    "shared_thread_count descending",
    "total_thread_count descending",
    "distance ascending"
  ],
  "source_sha256": "15be58e3d1fb9e026a76fc67b69ca6c5999ecc01351f65e90e84cc2c6211c465",
  "thread_count_ratio": "3/8",
  "thread_set": [
    3,
    5,
    7,
    11,
    13,
    17,
    19,
    23
  ]
}
