PUBLIC_FREEZE_RECORD:
public_source_path: /Users/velocityworks/IdeaProjects/prime-gap-structure/docs/gap-structure-factor-brief-evidence/multiplicative-web/literal-web-rewind/research-meetings/candidate-list-search-space-reduction-runner/thread_triangulation_ratio_probe.py
public_source_sha256: 8dc166e92045bf0871c5d1069380dd933833c82241185473f0a79960a6e8a594
public_source_private_token_scan: pass
  p =: False
  q =: False
  CASE: False
  known_factor: False
  factor_distance: False
  exact_factor_rank: False
  target_distance: False
  private_distance: False
  gcd: False
  factorint: False
  isprime: False
  nextprime: False
  sqrt: False
  random: False
public_command: python3 thread_triangulation_ratio_probe.py --n 77468500194643 --out-dir /Users/velocityworks/IdeaProjects/prime-gap-structure/docs/gap-structure-factor-brief-evidence/multiplicative-web/literal-web-rewind/research-meetings/candidate-list-search-space-reduction-runner/output/ratio_iterations/iteration_01_thread_1_2_depth_5_12_retention_1024/toy_77468500194643/public --thread-count-num 1 --thread-count-den 2 --depth-num 5 --depth-den 12 --retention-divisor 1024
public_output_path: /Users/velocityworks/IdeaProjects/prime-gap-structure/docs/gap-structure-factor-brief-evidence/multiplicative-web/literal-web-rewind/research-meetings/candidate-list-search-space-reduction-runner/output/ratio_iterations/iteration_01_thread_1_2_depth_5_12_retention_1024/toy_77468500194643/public/public_output.jsonl
public_output_sha256: 164209a3d9566f5f7d115dc74018309ee8de9c730ba94d20bb6a678ab94e0b29
public_manifest_path: /Users/velocityworks/IdeaProjects/prime-gap-structure/docs/gap-structure-factor-brief-evidence/multiplicative-web/literal-web-rewind/research-meetings/candidate-list-search-space-reduction-runner/output/ratio_iterations/iteration_01_thread_1_2_depth_5_12_retention_1024/toy_77468500194643/public/public_manifest.json
public_manifest_sha256: 17bb7d742fe33ed3745b9ca2d933625acd51b14b768d3c48aca30310922e0a72
public_record_count: 8192
original_space_size: 8388608
candidate_reduction_ratio: 8388608/8192
candidate_reduction_bits: 10.0
active_thread_count: 13
min_depth: 6
max_candidates: 8192
pre_cap_qualified_count: 33795
cap_active: True
PRIVATE_AUDIT_UNLOCKED: true
