PUBLIC_FREEZE_RECORD:
public_source_path: /Users/velocityworks/IdeaProjects/prime-gap-structure/docs/gap-structure-factor-brief-evidence/multiplicative-web/literal-web-rewind/research-meetings/candidate-list-search-space-reduction-runner/thread_triangulation_v02_ratio_runner.py
public_source_sha256: 15be58e3d1fb9e026a76fc67b69ca6c5999ecc01351f65e90e84cc2c6211c465
public_source_private_token_scan: pass
  p =: False
  q =: False
  CASE: False
  known_factor: False
  factor_distance: False
  exact_factor_rank: False
  target_distance: False
  private_distance: False
  gcd: False
  factorint: False
  isprime: False
  nextprime: False
  sqrt: False
  random: False
public_command: python3 thread_triangulation_v02_ratio_runner.py --n 25807 --out-dir /Users/velocityworks/IdeaProjects/prime-gap-structure/docs/gap-structure-factor-brief-evidence/multiplicative-web/literal-web-rewind/research-meetings/candidate-list-search-space-reduction-runner/output/toy_v02_ratio/toy_25807/public
public_output_path: /Users/velocityworks/IdeaProjects/prime-gap-structure/docs/gap-structure-factor-brief-evidence/multiplicative-web/literal-web-rewind/research-meetings/candidate-list-search-space-reduction-runner/output/toy_v02_ratio/toy_25807/public/public_output.jsonl
public_output_sha256: b82d4b966ba9aeaf8cf74a3959cdc20a100ccd7db4e1b7604953a59a2c071395
public_manifest_path: /Users/velocityworks/IdeaProjects/prime-gap-structure/docs/gap-structure-factor-brief-evidence/multiplicative-web/literal-web-rewind/research-meetings/candidate-list-search-space-reduction-runner/output/toy_v02_ratio/toy_25807/public/public_manifest.json
public_manifest_sha256: 9121d0f8cb2a668c3bbbe78a56b710098b3d38b00fe564f4f8e6584896d03d61
public_record_count: 1
original_space_size: 128
candidate_reduction_ratio: 128/1
candidate_reduction_bits: 7.0
active_thread_count: 4
min_depth: 2
max_candidates: 1
pre_cap_qualified_count: 28
max_observed_triangulation_depth: 5
depth_counts_pre_cap: {"2": 3, "3": 8, "4": 16, "5": 1}
cap_active: True
emitted_depth_counts: {"5": 1}
cutoff_triangulation_depth: 5
pre_cap_to_emitted_ratio: 28.0
public_nominations_summary: see public_output.jsonl
PRIVATE_AUDIT_UNLOCKED: true
{
  "N": 25807,
  "N_bits": 15,
  "active_thread_count": 4,
  "candidate_reduction_bits": 7.0,
  "candidate_reduction_ratio": "128/1",
  "cap_active": true,
  "cutoff_triangulation_depth": 5,
  "depth_counts_pre_cap": {
    "2": 3,
    "3": 8,
    "4": 16,
    "5": 1
  },
  "depth_ratio": "5/12",
  "elapsed_seconds": 0.001045,
  "emitted_count": 1,
  "emitted_depth_counts": {
    "5": 1
  },
  "max_candidates": 1,
  "max_observed_triangulation_depth": 5,
  "min_depth": 2,
  "original_space_definition": "count of odd positive distances d with 1 <= d <= public_radius(N)",
  "original_space_size": 128,
  "policy": "thread_triangulation_v02_ratio",
  "pre_cap_qualified_count": 28,
  "pre_cap_to_emitted_ratio": 28.0,
  "public_only": true,
  "public_radius": 256,
  "reduction_status": "measured",
  "retention_divisor": 1024,
  "score_key": [
    "triangulation_depth descending",
    "shared_thread_count descending",
    "total_thread_count descending",
    "distance ascending"
  ],
  "source_sha256": "15be58e3d1fb9e026a76fc67b69ca6c5999ecc01351f65e90e84cc2c6211c465",
  "thread_count_ratio": "3/8",
  "thread_set": [
    3,
    5,
    7,
    11
  ]
}
