PUBLIC_FREEZE_RECORD:
public_source_path: /Users/velocityworks/IdeaProjects/prime-gap-structure/docs/gap-structure-factor-brief-evidence/multiplicative-web/literal-web-rewind/research-meetings/candidate-list-search-space-reduction-runner/thread_triangulation_v01_runner.py
public_source_sha256: dd1b0d9f1d69f25c845f2812214da92187f4e3750609b1b94963934d3fd03878
public_source_private_token_scan: pass
  p =: False
  q =: False
  CASE: False
  known_factor: False
  factor_distance: False
  exact_factor_rank: False
  target_distance: False
  private_distance: False
  gcd: False
  factorint: False
  isprime: False
  nextprime: False
  sqrt: False
  random: False
public_command: python3 thread_triangulation_v01_runner.py --n 9379 --out-dir output/toy_v01/toy_9379/public
public_output_path: /Users/velocityworks/IdeaProjects/prime-gap-structure/docs/gap-structure-factor-brief-evidence/multiplicative-web/literal-web-rewind/research-meetings/candidate-list-search-space-reduction-runner/output/toy_v01/toy_9379/public/public_output.jsonl
public_output_sha256: 2d7233a97c7f9d8a4b3795417961028cb89049bd8076cc3617000607b098d724
public_manifest_path: /Users/velocityworks/IdeaProjects/prime-gap-structure/docs/gap-structure-factor-brief-evidence/multiplicative-web/literal-web-rewind/research-meetings/candidate-list-search-space-reduction-runner/output/toy_v01/toy_9379/public/public_manifest.json
public_manifest_sha256: 14a05a996830eca7b7bbfa606fdc9ab63ea0abb96cbffed4c5a1e0c406d6571a
public_record_count: 10
original_space_size: 64
candidate_reduction_ratio: 64/10
candidate_reduction_bits: 2.678071905112638
public_nominations_summary:
  - rank: 1
    distance: 29
    score: [6, 0, 5, -29]
  - rank: 2
    distance: 41
    score: [6, 0, 5, -41]
  - rank: 3
    distance: 97
    score: [6, 0, 5, -97]
  - rank: 4
    distance: 7
    score: [5, 0, 4, -7]
  - rank: 5
    distance: 19
    score: [5, 0, 4, -19]
  - rank: 6
    distance: 31
    score: [5, 0, 4, -31]
  - rank: 7
    distance: 51
    score: [5, 0, 4, -51]
  - rank: 8
    distance: 59
    score: [5, 0, 4, -59]
  - rank: 9
    distance: 71
    score: [5, 0, 4, -71]
  - rank: 10
    distance: 107
    score: [5, 0, 4, -107]
PRIVATE_AUDIT_UNLOCKED: true
{
  "N": 9379,
  "N_bits": 14,
  "candidate_reduction_bits": 2.678071905112638,
  "candidate_reduction_ratio": "64/10",
  "elapsed_seconds": 0.329563,
  "emitted_count": 10,
  "max_candidates": 512,
  "min_depth": 5,
  "original_space_definition": "count of odd positive distances d with 1 <= d <= public_radius(N)",
  "original_space_size": 64,
  "policy": "thread_triangulation_v01",
  "public_only": true,
  "public_radius": 128,
  "reduction_status": "measured",
  "score_key": [
    "triangulation_depth descending",
    "shared_thread_count descending",
    "total_thread_count descending",
    "distance ascending"
  ],
  "source_sha256": "dd1b0d9f1d69f25c845f2812214da92187f4e3750609b1b94963934d3fd03878",
  "thread_set": [
    3,
    5,
    7,
    11,
    13,
    17,
    19,
    23,
    29,
    31,
    37,
    41
  ]
}
