PUBLIC_FREEZE_RECORD:
public_source_path: /Users/velocityworks/IdeaProjects/prime-gap-structure/docs/gap-structure-factor-brief-evidence/multiplicative-web/literal-web-rewind/research-meetings/candidate-list-search-space-reduction-runner/thread_triangulation_v02_ratio_runner.py
public_source_sha256: 15be58e3d1fb9e026a76fc67b69ca6c5999ecc01351f65e90e84cc2c6211c465
public_source_private_token_scan: pass
  p =: False
  q =: False
  CASE: False
  known_factor: False
  factor_distance: False
  exact_factor_rank: False
  target_distance: False
  private_distance: False
  gcd: False
  factorint: False
  isprime: False
  nextprime: False
  sqrt: False
  random: False
public_command: python3 thread_triangulation_v02_ratio_runner.py --n 200250077 --out-dir /Users/velocityworks/IdeaProjects/prime-gap-structure/docs/gap-structure-factor-brief-evidence/multiplicative-web/literal-web-rewind/research-meetings/candidate-list-search-space-reduction-runner/output/toy_v02_ratio/toy_200250077/public
public_output_path: /Users/velocityworks/IdeaProjects/prime-gap-structure/docs/gap-structure-factor-brief-evidence/multiplicative-web/literal-web-rewind/research-meetings/candidate-list-search-space-reduction-runner/output/toy_v02_ratio/toy_200250077/public/public_output.jsonl
public_output_sha256: 29a43c1bfdc91587d11c525af6bac5c3a065088b087dd481333938c9927245b7
public_manifest_path: /Users/velocityworks/IdeaProjects/prime-gap-structure/docs/gap-structure-factor-brief-evidence/multiplicative-web/literal-web-rewind/research-meetings/candidate-list-search-space-reduction-runner/output/toy_v02_ratio/toy_200250077/public/public_manifest.json
public_manifest_sha256: de3b4b5497c7825a2a2cf8fc173e787fc2567a52fcd704c8b793f20aed9b9bde
public_record_count: 8
original_space_size: 8192
candidate_reduction_ratio: 8192/8
candidate_reduction_bits: 10.0
active_thread_count: 6
min_depth: 3
max_candidates: 8
pre_cap_qualified_count: 226
max_observed_triangulation_depth: 7
depth_counts_pre_cap: {"3": 13, "4": 51, "5": 117, "6": 42, "7": 3}
cap_active: True
emitted_depth_counts: {"6": 5, "7": 3}
cutoff_triangulation_depth: 6
pre_cap_to_emitted_ratio: 28.25
public_nominations_summary: see public_output.jsonl
PRIVATE_AUDIT_UNLOCKED: true
{
  "N": 200250077,
  "N_bits": 28,
  "active_thread_count": 6,
  "candidate_reduction_bits": 10.0,
  "candidate_reduction_ratio": "8192/8",
  "cap_active": true,
  "cutoff_triangulation_depth": 6,
  "depth_counts_pre_cap": {
    "3": 13,
    "4": 51,
    "5": 117,
    "6": 42,
    "7": 3
  },
  "depth_ratio": "5/12",
  "elapsed_seconds": 0.00266,
  "emitted_count": 8,
  "emitted_depth_counts": {
    "6": 5,
    "7": 3
  },
  "max_candidates": 8,
  "max_observed_triangulation_depth": 7,
  "min_depth": 3,
  "original_space_definition": "count of odd positive distances d with 1 <= d <= public_radius(N)",
  "original_space_size": 8192,
  "policy": "thread_triangulation_v02_ratio",
  "pre_cap_qualified_count": 226,
  "pre_cap_to_emitted_ratio": 28.25,
  "public_only": true,
  "public_radius": 16384,
  "reduction_status": "measured",
  "retention_divisor": 1024,
  "score_key": [
    "triangulation_depth descending",
    "shared_thread_count descending",
    "total_thread_count descending",
    "distance ascending"
  ],
  "source_sha256": "15be58e3d1fb9e026a76fc67b69ca6c5999ecc01351f65e90e84cc2c6211c465",
  "thread_count_ratio": "3/8",
  "thread_set": [
    3,
    5,
    7,
    11,
    13,
    17
  ]
}
