PUBLIC_FREEZE_RECORD:
public_source_path: /Users/velocityworks/IdeaProjects/prime-gap-structure/docs/gap-structure-factor-brief-evidence/multiplicative-web/literal-web-rewind/research-meetings/candidate-list-search-space-reduction-runner/thread_triangulation_ratio_probe.py
public_source_sha256: 8dc166e92045bf0871c5d1069380dd933833c82241185473f0a79960a6e8a594
public_source_private_token_scan: pass
  p =: False
  q =: False
  CASE: False
  known_factor: False
  factor_distance: False
  exact_factor_rank: False
  target_distance: False
  private_distance: False
  gcd: False
  factorint: False
  isprime: False
  nextprime: False
  sqrt: False
  random: False
public_command: python3 thread_triangulation_ratio_probe.py --n 1242079 --out-dir /Users/velocityworks/IdeaProjects/prime-gap-structure/docs/gap-structure-factor-brief-evidence/multiplicative-web/literal-web-rewind/research-meetings/candidate-list-search-space-reduction-runner/output/ratio_iterations/iteration_05_thread_5_8_depth_4_12_retention_128/toy_1242079/public --thread-count-num 5 --thread-count-den 8 --depth-num 4 --depth-den 12 --retention-divisor 128
public_output_path: /Users/velocityworks/IdeaProjects/prime-gap-structure/docs/gap-structure-factor-brief-evidence/multiplicative-web/literal-web-rewind/research-meetings/candidate-list-search-space-reduction-runner/output/ratio_iterations/iteration_05_thread_5_8_depth_4_12_retention_128/toy_1242079/public/public_output.jsonl
public_output_sha256: 8f5b60b1b354b90554ec930ef94c9d63cbf1ac202210005041f61a2a60984d89
public_manifest_path: /Users/velocityworks/IdeaProjects/prime-gap-structure/docs/gap-structure-factor-brief-evidence/multiplicative-web/literal-web-rewind/research-meetings/candidate-list-search-space-reduction-runner/output/ratio_iterations/iteration_05_thread_5_8_depth_4_12_retention_128/toy_1242079/public/public_manifest.json
public_manifest_sha256: 10a53a064e6745cc964d1819f9a10cb525f5801b4b71b1a28719f074f5907235
public_record_count: 8
original_space_size: 1024
candidate_reduction_ratio: 1024/8
candidate_reduction_bits: 7.0
active_thread_count: 8
min_depth: 3
max_candidates: 8
pre_cap_qualified_count: 180
cap_active: True
PRIVATE_AUDIT_UNLOCKED: true
