PUBLIC_FREEZE_RECORD:
public_source_path: /Users/velocityworks/IdeaProjects/prime-gap-structure/docs/gap-structure-factor-brief-evidence/multiplicative-web/literal-web-rewind/research-meetings/candidate-list-search-space-reduction-runner/thread_triangulation_v01_runner.py
public_source_sha256: dd1b0d9f1d69f25c845f2812214da92187f4e3750609b1b94963934d3fd03878
public_source_private_token_scan: pass
  p =: False
  q =: False
  CASE: False
  known_factor: False
  factor_distance: False
  exact_factor_rank: False
  target_distance: False
  private_distance: False
  gcd: False
  factorint: False
  isprime: False
  nextprime: False
  sqrt: False
  random: False
public_command: python3 thread_triangulation_v01_runner.py --n 989 --out-dir output/toy_v01/toy_989/public
public_output_path: /Users/velocityworks/IdeaProjects/prime-gap-structure/docs/gap-structure-factor-brief-evidence/multiplicative-web/literal-web-rewind/research-meetings/candidate-list-search-space-reduction-runner/output/toy_v01/toy_989/public/public_output.jsonl
public_output_sha256: e2e0ca46cd6ac1adfb9cb5b469a6c330237c10927a300dea1f512d4024c99818
public_manifest_path: /Users/velocityworks/IdeaProjects/prime-gap-structure/docs/gap-structure-factor-brief-evidence/multiplicative-web/literal-web-rewind/research-meetings/candidate-list-search-space-reduction-runner/output/toy_v01/toy_989/public/public_manifest.json
public_manifest_sha256: 5e882504f59fd74ed9c850b73666484559a260d2c592c2be59f4164b90c6bc5d
public_record_count: 2
original_space_size: 16
candidate_reduction_ratio: 16/2
candidate_reduction_bits: 3.0
public_nominations_summary:
  - rank: 1
    distance: 1
    score: [6, 0, 5, -1]
  - rank: 2
    distance: 23
    score: [5, 1, 5, -23]
PRIVATE_AUDIT_UNLOCKED: true
{
  "N": 989,
  "N_bits": 10,
  "candidate_reduction_bits": 3.0,
  "candidate_reduction_ratio": "16/2",
  "elapsed_seconds": 0.320244,
  "emitted_count": 2,
  "max_candidates": 512,
  "min_depth": 5,
  "original_space_definition": "count of odd positive distances d with 1 <= d <= public_radius(N)",
  "original_space_size": 16,
  "policy": "thread_triangulation_v01",
  "public_only": true,
  "public_radius": 32,
  "reduction_status": "measured",
  "score_key": [
    "triangulation_depth descending",
    "shared_thread_count descending",
    "total_thread_count descending",
    "distance ascending"
  ],
  "source_sha256": "dd1b0d9f1d69f25c845f2812214da92187f4e3750609b1b94963934d3fd03878",
  "thread_set": [
    3,
    5,
    7,
    11,
    13,
    17,
    19,
    23,
    29,
    31,
    37,
    41
  ]
}
