PUBLIC_FREEZE_RECORD:
public_source_path: /Users/velocityworks/IdeaProjects/prime-gap-structure/docs/gap-structure-factor-brief-evidence/multiplicative-web/literal-web-rewind/research-meetings/candidate-list-search-space-reduction-runner/thread_triangulation_ratio_probe.py
public_source_sha256: 8dc166e92045bf0871c5d1069380dd933833c82241185473f0a79960a6e8a594
public_source_private_token_scan: pass
  p =: False
  q =: False
  CASE: False
  known_factor: False
  factor_distance: False
  exact_factor_rank: False
  target_distance: False
  private_distance: False
  gcd: False
  factorint: False
  isprime: False
  nextprime: False
  sqrt: False
  random: False
public_command: python3 thread_triangulation_ratio_probe.py --n 1242079 --out-dir /Users/velocityworks/IdeaProjects/prime-gap-structure/docs/gap-structure-factor-brief-evidence/multiplicative-web/literal-web-rewind/research-meetings/candidate-list-search-space-reduction-runner/output/ratio_iterations/iteration_03_thread_1_2_depth_4_12_retention_512/toy_1242079/public --thread-count-num 1 --thread-count-den 2 --depth-num 4 --depth-den 12 --retention-divisor 512
public_output_path: /Users/velocityworks/IdeaProjects/prime-gap-structure/docs/gap-structure-factor-brief-evidence/multiplicative-web/literal-web-rewind/research-meetings/candidate-list-search-space-reduction-runner/output/ratio_iterations/iteration_03_thread_1_2_depth_4_12_retention_512/toy_1242079/public/public_output.jsonl
public_output_sha256: effab2693a3df2b711607dd3bd83d36625845996942d48928251982701b27217
public_manifest_path: /Users/velocityworks/IdeaProjects/prime-gap-structure/docs/gap-structure-factor-brief-evidence/multiplicative-web/literal-web-rewind/research-meetings/candidate-list-search-space-reduction-runner/output/ratio_iterations/iteration_03_thread_1_2_depth_4_12_retention_512/toy_1242079/public/public_manifest.json
public_manifest_sha256: 48d82bdde609749bd876bffca70d3b6c491bbd37539a038891e6c2cebe903967
public_record_count: 2
original_space_size: 1024
candidate_reduction_ratio: 1024/2
candidate_reduction_bits: 9.0
active_thread_count: 6
min_depth: 2
max_candidates: 2
pre_cap_qualified_count: 114
cap_active: True
PRIVATE_AUDIT_UNLOCKED: true
