PUBLIC_FREEZE_RECORD:
public_source_path: /Users/velocityworks/IdeaProjects/prime-gap-structure/docs/gap-structure-factor-brief-evidence/multiplicative-web/literal-web-rewind/research-meetings/candidate-list-search-space-reduction-runner/thread_triangulation_ratio_probe.py
public_source_sha256: 8dc166e92045bf0871c5d1069380dd933833c82241185473f0a79960a6e8a594
public_source_private_token_scan: pass
  p =: False
  q =: False
  CASE: False
  known_factor: False
  factor_distance: False
  exact_factor_rank: False
  target_distance: False
  private_distance: False
  gcd: False
  factorint: False
  isprime: False
  nextprime: False
  sqrt: False
  random: False
public_command: python3 thread_triangulation_ratio_probe.py --n 4295229443 --out-dir /Users/velocityworks/IdeaProjects/prime-gap-structure/docs/gap-structure-factor-brief-evidence/multiplicative-web/literal-web-rewind/research-meetings/candidate-list-search-space-reduction-runner/output/ratio_iterations/iteration_05_thread_5_8_depth_4_12_retention_128/toy_4295229443/public --thread-count-num 5 --thread-count-den 8 --depth-num 4 --depth-den 12 --retention-divisor 128
public_output_path: /Users/velocityworks/IdeaProjects/prime-gap-structure/docs/gap-structure-factor-brief-evidence/multiplicative-web/literal-web-rewind/research-meetings/candidate-list-search-space-reduction-runner/output/ratio_iterations/iteration_05_thread_5_8_depth_4_12_retention_128/toy_4295229443/public/public_output.jsonl
public_output_sha256: ad1b7fdc701ec02ef59ea1b929e2d5182d5c5859cb3b9fe49c95546f1ca966e5
public_manifest_path: /Users/velocityworks/IdeaProjects/prime-gap-structure/docs/gap-structure-factor-brief-evidence/multiplicative-web/literal-web-rewind/research-meetings/candidate-list-search-space-reduction-runner/output/ratio_iterations/iteration_05_thread_5_8_depth_4_12_retention_128/toy_4295229443/public/public_manifest.json
public_manifest_sha256: 7234de58aa7ff784d9ea4ff772705d471bcc700f85cb943f6675f72f5f013fd8
public_record_count: 512
original_space_size: 65536
candidate_reduction_ratio: 65536/512
candidate_reduction_bits: 7.0
active_thread_count: 12
min_depth: 4
max_candidates: 512
pre_cap_qualified_count: 3364
cap_active: True
PRIVATE_AUDIT_UNLOCKED: true
