PUBLIC_FREEZE_RECORD:
public_source_path: /Users/velocityworks/IdeaProjects/prime-gap-structure/docs/gap-structure-factor-brief-evidence/multiplicative-web/literal-web-rewind/research-meetings/candidate-list-search-space-reduction-runner/thread_triangulation_ratio_probe.py
public_source_sha256: 8dc166e92045bf0871c5d1069380dd933833c82241185473f0a79960a6e8a594
public_source_private_token_scan: pass
  p =: False
  q =: False
  CASE: False
  known_factor: False
  factor_distance: False
  exact_factor_rank: False
  target_distance: False
  private_distance: False
  gcd: False
  factorint: False
  isprime: False
  nextprime: False
  sqrt: False
  random: False
public_command: python3 thread_triangulation_ratio_probe.py --n 18902665303 --out-dir /Users/velocityworks/IdeaProjects/prime-gap-structure/docs/gap-structure-factor-brief-evidence/multiplicative-web/literal-web-rewind/research-meetings/candidate-list-search-space-reduction-runner/output/ratio_iterations/iteration_02_thread_1_2_depth_5_12_retention_512/toy_18902665303/public --thread-count-num 1 --thread-count-den 2 --depth-num 5 --depth-den 12 --retention-divisor 512
public_output_path: /Users/velocityworks/IdeaProjects/prime-gap-structure/docs/gap-structure-factor-brief-evidence/multiplicative-web/literal-web-rewind/research-meetings/candidate-list-search-space-reduction-runner/output/ratio_iterations/iteration_02_thread_1_2_depth_5_12_retention_512/toy_18902665303/public/public_output.jsonl
public_output_sha256: dd55712460bc87d96508dc539caac74039cb11afc81abf9def7b7398fb7475eb
public_manifest_path: /Users/velocityworks/IdeaProjects/prime-gap-structure/docs/gap-structure-factor-brief-evidence/multiplicative-web/literal-web-rewind/research-meetings/candidate-list-search-space-reduction-runner/output/ratio_iterations/iteration_02_thread_1_2_depth_5_12_retention_512/toy_18902665303/public/public_manifest.json
public_manifest_sha256: 46d7556bc39719b5869eb11dfbb9904117b988f84f7ab35ecc510a72e778e429
public_record_count: 256
original_space_size: 131072
candidate_reduction_ratio: 131072/256
candidate_reduction_bits: 9.0
active_thread_count: 10
min_depth: 5
max_candidates: 256
pre_cap_qualified_count: 2735
cap_active: True
PRIVATE_AUDIT_UNLOCKED: true
