PUBLIC_FREEZE_RECORD:
public_source_path: /Users/velocityworks/IdeaProjects/prime-gap-structure/docs/gap-structure-factor-brief-evidence/multiplicative-web/literal-web-rewind/research-meetings/candidate-list-search-space-reduction-runner/thread_triangulation_ratio_probe.py
public_source_sha256: 8dc166e92045bf0871c5d1069380dd933833c82241185473f0a79960a6e8a594
public_source_private_token_scan: pass
  p =: False
  q =: False
  CASE: False
  known_factor: False
  factor_distance: False
  exact_factor_rank: False
  target_distance: False
  private_distance: False
  gcd: False
  factorint: False
  isprime: False
  nextprime: False
  sqrt: False
  random: False
public_command: python3 thread_triangulation_ratio_probe.py --n 9379 --out-dir /Users/velocityworks/IdeaProjects/prime-gap-structure/docs/gap-structure-factor-brief-evidence/multiplicative-web/literal-web-rewind/research-meetings/candidate-list-search-space-reduction-runner/output/ratio_iterations/iteration_03_thread_1_2_depth_4_12_retention_512/toy_9379/public --thread-count-num 1 --thread-count-den 2 --depth-num 4 --depth-den 12 --retention-divisor 512
public_output_path: /Users/velocityworks/IdeaProjects/prime-gap-structure/docs/gap-structure-factor-brief-evidence/multiplicative-web/literal-web-rewind/research-meetings/candidate-list-search-space-reduction-runner/output/ratio_iterations/iteration_03_thread_1_2_depth_4_12_retention_512/toy_9379/public/public_output.jsonl
public_output_sha256: 3b8e3a2f89d9ceead51275ebabb14ac1b82c8a476e6cc3ad4affbb7bacf03e04
public_manifest_path: /Users/velocityworks/IdeaProjects/prime-gap-structure/docs/gap-structure-factor-brief-evidence/multiplicative-web/literal-web-rewind/research-meetings/candidate-list-search-space-reduction-runner/output/ratio_iterations/iteration_03_thread_1_2_depth_4_12_retention_512/toy_9379/public/public_manifest.json
public_manifest_sha256: 5d6bf7926480ed0f5d6cb758de3626e2c672d88c64a9d1feb46daf1e344fd2c2
public_record_count: 1
original_space_size: 64
candidate_reduction_ratio: 64/1
candidate_reduction_bits: 6.0
active_thread_count: 4
min_depth: 2
max_candidates: 1
pre_cap_qualified_count: 17
cap_active: True
PRIVATE_AUDIT_UNLOCKED: true
