PUBLIC_FREEZE_RECORD:
public_source_path: /Users/velocityworks/IdeaProjects/prime-gap-structure/docs/gap-structure-factor-brief-evidence/multiplicative-web/literal-web-rewind/research-meetings/candidate-list-search-space-reduction-runner/thread_triangulation_ratio_probe.py
public_source_sha256: 8dc166e92045bf0871c5d1069380dd933833c82241185473f0a79960a6e8a594
public_source_private_token_scan: pass
  p =: False
  q =: False
  CASE: False
  known_factor: False
  factor_distance: False
  exact_factor_rank: False
  target_distance: False
  private_distance: False
  gcd: False
  factorint: False
  isprime: False
  nextprime: False
  sqrt: False
  random: False
public_command: python3 thread_triangulation_ratio_probe.py --n 77468500194643 --out-dir /Users/velocityworks/IdeaProjects/prime-gap-structure/docs/gap-structure-factor-brief-evidence/multiplicative-web/literal-web-rewind/research-meetings/candidate-list-search-space-reduction-runner/output/ratio_iterations/iteration_02_thread_1_2_depth_5_12_retention_512/toy_77468500194643/public --thread-count-num 1 --thread-count-den 2 --depth-num 5 --depth-den 12 --retention-divisor 512
public_output_path: /Users/velocityworks/IdeaProjects/prime-gap-structure/docs/gap-structure-factor-brief-evidence/multiplicative-web/literal-web-rewind/research-meetings/candidate-list-search-space-reduction-runner/output/ratio_iterations/iteration_02_thread_1_2_depth_5_12_retention_512/toy_77468500194643/public/public_output.jsonl
public_output_sha256: e8ec4a09e299443117e5c477facfa116c8cddb8cd11e9d162940aee5f3f0dd00
public_manifest_path: /Users/velocityworks/IdeaProjects/prime-gap-structure/docs/gap-structure-factor-brief-evidence/multiplicative-web/literal-web-rewind/research-meetings/candidate-list-search-space-reduction-runner/output/ratio_iterations/iteration_02_thread_1_2_depth_5_12_retention_512/toy_77468500194643/public/public_manifest.json
public_manifest_sha256: 3ef7b46075da0c3bb7b0f1ca7f4596023400e6f63150b8c910828ed366ab0d24
public_record_count: 16384
original_space_size: 8388608
candidate_reduction_ratio: 8388608/16384
candidate_reduction_bits: 9.0
active_thread_count: 13
min_depth: 6
max_candidates: 16384
pre_cap_qualified_count: 33795
cap_active: True
PRIVATE_AUDIT_UNLOCKED: true
