PUBLIC_FREEZE_RECORD:
public_source_path: /Users/velocityworks/IdeaProjects/prime-gap-structure/docs/gap-structure-factor-brief-evidence/multiplicative-web/literal-web-rewind/research-meetings/candidate-list-search-space-reduction-runner/thread_triangulation_ratio_probe.py
public_source_sha256: 8dc166e92045bf0871c5d1069380dd933833c82241185473f0a79960a6e8a594
public_source_private_token_scan: pass
  p =: False
  q =: False
  CASE: False
  known_factor: False
  factor_distance: False
  exact_factor_rank: False
  target_distance: False
  private_distance: False
  gcd: False
  factorint: False
  isprime: False
  nextprime: False
  sqrt: False
  random: False
public_command: python3 thread_triangulation_ratio_probe.py --n 77468500194643 --out-dir /Users/velocityworks/IdeaProjects/prime-gap-structure/docs/gap-structure-factor-brief-evidence/multiplicative-web/literal-web-rewind/research-meetings/candidate-list-search-space-reduction-runner/output/ratio_iterations/iteration_04_thread_5_8_depth_4_12_retention_512/toy_77468500194643/public --thread-count-num 5 --thread-count-den 8 --depth-num 4 --depth-den 12 --retention-divisor 512
public_output_path: /Users/velocityworks/IdeaProjects/prime-gap-structure/docs/gap-structure-factor-brief-evidence/multiplicative-web/literal-web-rewind/research-meetings/candidate-list-search-space-reduction-runner/output/ratio_iterations/iteration_04_thread_5_8_depth_4_12_retention_512/toy_77468500194643/public/public_output.jsonl
public_output_sha256: 1883d07ae1432a840528465acbe9b03ca924052fe9857b8e8af76389d51eaf24
public_manifest_path: /Users/velocityworks/IdeaProjects/prime-gap-structure/docs/gap-structure-factor-brief-evidence/multiplicative-web/literal-web-rewind/research-meetings/candidate-list-search-space-reduction-runner/output/ratio_iterations/iteration_04_thread_5_8_depth_4_12_retention_512/toy_77468500194643/public/public_manifest.json
public_manifest_sha256: 6e62d2d19de694c57a5b5891ca61017f0d44c32ffb4076d7c73414962e2a6710
public_record_count: 16384
original_space_size: 8388608
candidate_reduction_ratio: 8388608/16384
candidate_reduction_bits: 9.0
active_thread_count: 16
min_depth: 6
max_candidates: 16384
pre_cap_qualified_count: 71163
cap_active: True
PRIVATE_AUDIT_UNLOCKED: true
